Godot Engine v4.7.2.stable.official.ed1daf0bf - https://godotengine.org
Vulkan 1.4.305 - Forward Mobile - Using Device #0: Unknown - llvmpipe (LLVM 19.1.7, 256 bits)
ALSA lib confmisc.c:855:(parse_card) cannot find card '0'
ALSA lib conf.c:5205:(_snd_config_evaluate) function snd_func_card_inum returned error: No such file or directory
ALSA lib confmisc.c:422:(snd_func_concat) error evaluating strings
ALSA lib conf.c:5205:(_snd_config_evaluate) function snd_func_concat returned error: No such file or directory
ALSA lib confmisc.c:1342:(snd_func_refer) error evaluating name
ALSA lib conf.c:5205:(_snd_config_evaluate) function snd_func_refer returned error: No such file or directory
ALSA lib conf.c:5728:(snd_config_expand) Evaluate error: No such file or directory
ALSA lib pcm.c:2722:(snd_pcm_open_noupdate) Unknown PCM default
ERROR: Condition "status < 0" is true. Returning: ERR_CANT_OPEN
   at: init_output_device (drivers/alsa/audio_driver_alsa.cpp:97)
WARNING: All audio drivers failed, falling back to the dummy driver.
     at: initialize (servers/audio/audio_server.cpp:258)

AURELIA_POSE_SHEET mira cells=16 rendered=true
AURELIA_POSE_SHEET elisia cells=16 rendered=true
AURELIA_POSE_SHEET kairen cells=16 rendered=true
AURELIA_POSE_SHEET orwin cells=16 rendered=true
AURELIA_POSE_SHEET seria cells=16 rendered=true
AURELIA_POSE_SHEET astel cells=16 rendered=true
AURELIA_POSE_SHEET darius cells=16 rendered=true
AURELIA_POSE_SHEET lunea cells=16 rendered=true
AURELIA_POSE_SHEET caelum cells=16 rendered=true
AURELIA_POSE_SHEET adrien cells=16 rendered=true
AURELIA_POSE_SHEET tessa cells=16 rendered=true
AURELIA_POSE_SHEET naia cells=16 rendered=true
AURELIA_POSE_SHEET sael cells=16 rendered=true
AURELIA_POSE_SHEET odelia cells=16 rendered=true
aurelia_pose_sheets heroes=14 failures=[]
