compile 370 / 370
scripts/V8364CombatViewSmokeTest.gd True Godot Engine v4.7.2.stable.official.ed1daf0bf - https://godotengine.org

v8364_combat_view checks=1106 failures=[]

scripts/V8363IceMapSmokeTest.gd True Godot Engine v4.7.2.stable.official.ed1daf0bf - https://godotengine.org

v8363_ice_map checks=35 failures=[]

scripts/V8363MapLoaderSmokeTest.gd True Godot Engine v4.7.2.stable.official.ed1daf0bf - https://godotengine.org

v8363_map_loader checks=35 failures=[]

scripts/V8362LayoutSmokeTest.gd True Godot Engine v4.7.2.stable.official.ed1daf0bf - https://godotengine.org

v8362_layout checks=2 failures=[]

scripts/V836RaidBattleSmokeTest.gd True Godot Engine v4.7.2.stable.official.ed1daf0bf - https://godotengine.org

raid_natural faction=aurelia zone=gray_meadow fixture=10hero-Lv60 outcome=victory seconds=0.933 damage=4464 healing=0 guard=864 cores=0
raid_natural faction=aurelia zone=forgotten_mine fixture=10hero-Lv60 outcome=victory seconds=1.100 damage=8568 healing=49 guard=0 cores=1368
raid_natural faction=aurelia zone=moonrest_forest fixture=10hero-Lv60 outcome=victory seconds=1.967 damage=12400 healing=90 guard=0 cores=0
raid_natural faction=aurelia zone=forgotten_mine fixture=3hero-Lv1-initial outcome=victory seconds=25.200 damage=8568 healing=684 guard=0 cores=1368
raid_natural faction=aurelia zone=moonrest_forest fixture=3hero-Lv1-initial outcome=victory seconds=29.033 damage=12734 healing=2170 guard=0 cores=0
raid_natural faction=noxfera zone=gray_meadow fixture=10hero-Lv60 outcome=victory seconds=0.933 damage=4464 healing=0 guard=864 cores=0
raid_natural faction=noxfera zone=forgotten_mine fixture=10hero-Lv60 outcome=victory seconds=1.267 damage=8568 healing=0 guard=0 cores=1368
raid_natural faction=noxfera zone=moonrest_forest fixture=10hero-Lv60 outcome=victory seconds=1.833 damage=12400 healing=204 guard=0 cores=0
raid_natural faction=noxfera zone=forgotten_mine fixture=3hero-Lv1-initial outcome=victory seconds=21.333 damage=8568 healing=575 guard=0 cores=1368
raid_natural faction=noxfera zone=moonrest_forest fixture=3hero-Lv1-initial outcome=victory seconds=24.533 damage=12496 healing=2270 guard=0 cores=0
v836_raid_battle checks=123 failures=[]

TOTAL 5 / 5
