Godot Engine v4.7.2.stable.official.ed1daf0bf - https://godotengine.org
Vulkan 1.4.305 - Forward+ - Using Device #0: Unknown - llvmpipe (LLVM 19.1.7, 256 bits)

UI_CAPTURE hunt viewport=(720.0, 1280.0)
UI_CAPTURE hunt-settings viewport=(720.0, 1280.0)
UI_CAPTURE raid viewport=(720.0, 1280.0)
RAID_RECTS stage=(680.0, 708.0) terrain=(680.0, 708.0) subviewport=(680, 708) container=(680.0, 708.0)
UI_CAPTURE hunt-landscape viewport=(1280.0, 720.0)
UI_CAPTURE raid-landscape viewport=(1280.0, 720.0)
RAID_RECTS stage=(778.0, 284.0) terrain=(778.0, 284.0) subviewport=(778, 284) container=(778.0, 284.0)
UI_CAPTURE entry-east viewport=(720.0, 1280.0)
UI_CAPTURE entry-west viewport=(720.0, 1280.0)
UI_CAPTURE entry-north viewport=(720.0, 1280.0)
UI_CAPTURE entry-south viewport=(720.0, 1280.0)
UI_CAPTURE entry-northeast viewport=(720.0, 1280.0)
UI_CAPTURE entry-southwest viewport=(720.0, 1280.0)
UI_CAPTURE entry-northwest viewport=(720.0, 1280.0)
UI_CAPTURE entry-southeast viewport=(720.0, 1280.0)
UI_CAPTURE raid-warning viewport=(720.0, 1280.0)
RAID_RECTS stage=(680.0, 708.0) terrain=(680.0, 708.0) subviewport=(680, 708) container=(680.0, 708.0)
UI_CAPTURE raid-mobile-scale viewport=(720.0, 1280.0)
RAID_RECTS stage=(680.0, 708.0) terrain=(680.0, 708.0) subviewport=(680, 708) container=(680.0, 708.0)
