Godot Engine v4.7.2.stable.official.ed1daf0bf - https://godotengine.org

ART_PILOT_DIRECTION {"all_actor_points_inside_safe_area":true,"clears":1,"entrance":"east","initial_hp":4907,"maximum_alive":21,"maximum_groups":2,"maximum_projection_error":0.00000393209984395071,"removed_hp":4907,"screen_samples":560,"seconds":16.2,"world_render_alignment":true}
ART_PILOT_DIRECTION {"all_actor_points_inside_safe_area":true,"clears":1,"entrance":"west","initial_hp":4907,"maximum_alive":21,"maximum_groups":2,"maximum_projection_error":0.00000426496126237907,"removed_hp":4907,"screen_samples":792,"seconds":23.7,"world_render_alignment":true}
ART_PILOT_DIRECTION {"all_actor_points_inside_safe_area":true,"clears":1,"entrance":"north","initial_hp":4907,"maximum_alive":21,"maximum_groups":2,"maximum_projection_error":0.00000786419968790142,"removed_hp":4907,"screen_samples":432,"seconds":12.4,"world_render_alignment":true}
ART_PILOT_DIRECTION {"all_actor_points_inside_safe_area":true,"clears":1,"entrance":"south","initial_hp":4907,"maximum_alive":20,"maximum_groups":2,"maximum_projection_error":0.00000426496126237907,"removed_hp":4907,"screen_samples":472,"seconds":14.1,"world_render_alignment":true}
ART_PILOT_DIRECTION {"all_actor_points_inside_safe_area":true,"clears":1,"entrance":"northeast","initial_hp":4907,"maximum_alive":21,"maximum_groups":2,"maximum_projection_error":0.00000393209984395071,"removed_hp":4907,"screen_samples":496,"seconds":14.3,"world_render_alignment":true}
ART_PILOT_DIRECTION {"all_actor_points_inside_safe_area":true,"clears":1,"entrance":"southwest","initial_hp":4907,"maximum_alive":21,"maximum_groups":2,"maximum_projection_error":0.00000539479651706642,"removed_hp":4907,"screen_samples":546,"seconds":16.4,"world_render_alignment":true}
ART_PILOT_DIRECTION {"all_actor_points_inside_safe_area":true,"clears":1,"entrance":"northwest","initial_hp":4907,"maximum_alive":20,"maximum_groups":2,"maximum_projection_error":0.00000426496126237907,"removed_hp":4907,"screen_samples":556,"seconds":16.2,"world_render_alignment":true}
ART_PILOT_DIRECTION {"all_actor_points_inside_safe_area":true,"clears":1,"entrance":"southeast","initial_hp":4907,"maximum_alive":21,"maximum_groups":2,"maximum_projection_error":0.00000426496126237907,"removed_hp":4907,"screen_samples":550,"seconds":16.1,"world_render_alignment":true}
ART_PILOT_DIRECTION {"all_actor_points_inside_safe_area":true,"clears":1,"entrance":"east","initial_hp":11217,"maximum_alive":21,"maximum_groups":2,"maximum_projection_error":0.00000768876816437114,"removed_hp":11217,"screen_samples":762,"seconds":23.7,"world_render_alignment":true}
ART_PILOT_DIRECTION {"all_actor_points_inside_safe_area":true,"clears":1,"entrance":"west","initial_hp":11217,"maximum_alive":21,"maximum_groups":2,"maximum_projection_error":0.00000426496126237907,"removed_hp":11217,"screen_samples":1222,"seconds":37.1,"world_render_alignment":true}
ART_PILOT_DIRECTION {"all_actor_points_inside_safe_area":true,"clears":1,"entrance":"north","initial_hp":11217,"maximum_alive":21,"maximum_groups":2,"maximum_projection_error":0.00000393209984395071,"removed_hp":11217,"screen_samples":546,"seconds":16.8,"world_render_alignment":true}
ART_PILOT_DIRECTION {"all_actor_points_inside_safe_area":true,"clears":1,"entrance":"south","initial_hp":11217,"maximum_alive":21,"maximum_groups":2,"maximum_projection_error":0.00000786419968790142,"removed_hp":11217,"screen_samples":702,"seconds":20.0,"world_render_alignment":true}
ART_PILOT_DIRECTION {"all_actor_points_inside_safe_area":true,"clears":1,"entrance":"northeast","initial_hp":11217,"maximum_alive":21,"maximum_groups":2,"maximum_projection_error":0.00000539479651706642,"removed_hp":11217,"screen_samples":810,"seconds":23.9,"world_render_alignment":true}
ART_PILOT_DIRECTION {"all_actor_points_inside_safe_area":true,"clears":1,"entrance":"southwest","initial_hp":11217,"maximum_alive":21,"maximum_groups":2,"maximum_projection_error":0.00000539479651706642,"removed_hp":11217,"screen_samples":1010,"seconds":29.3,"world_render_alignment":true}
ART_PILOT_DIRECTION {"all_actor_points_inside_safe_area":true,"clears":1,"entrance":"northwest","initial_hp":11217,"maximum_alive":21,"maximum_groups":2,"maximum_projection_error":0.00000539479651706642,"removed_hp":11217,"screen_samples":670,"seconds":19.9,"world_render_alignment":true}
ART_PILOT_DIRECTION {"all_actor_points_inside_safe_area":true,"clears":1,"entrance":"southeast","initial_hp":11217,"maximum_alive":21,"maximum_groups":2,"maximum_projection_error":0.00000786419968790142,"removed_hp":11217,"screen_samples":684,"seconds":20.0,"world_render_alignment":true}
ART_PILOT_DIRECTION {"all_actor_points_inside_safe_area":true,"clears":1,"entrance":"east","initial_hp":17562,"maximum_alive":21,"maximum_groups":2,"maximum_projection_error":0.00000426496126237907,"removed_hp":17562,"screen_samples":1044,"seconds":31.4,"world_render_alignment":true}
ART_PILOT_DIRECTION {"all_actor_points_inside_safe_area":true,"clears":1,"entrance":"west","initial_hp":17562,"maximum_alive":21,"maximum_groups":2,"maximum_projection_error":0.00000539479651706642,"removed_hp":17562,"screen_samples":1674,"seconds":49.0,"world_render_alignment":true}
ART_PILOT_DIRECTION {"all_actor_points_inside_safe_area":true,"clears":1,"entrance":"north","initial_hp":17562,"maximum_alive":21,"maximum_groups":2,"maximum_projection_error":0.00000539479651706642,"removed_hp":16561,"screen_samples":2006,"seconds":67.5,"world_render_alignment":true}
ART_PILOT_DIRECTION {"all_actor_points_inside_safe_area":true,"clears":1,"entrance":"south","initial_hp":17562,"maximum_alive":21,"maximum_groups":2,"maximum_projection_error":0.00000539479651706642,"removed_hp":17562,"screen_samples":1024,"seconds":30.0,"world_render_alignment":true}
ART_PILOT_DIRECTION {"all_actor_points_inside_safe_area":true,"clears":1,"entrance":"northeast","initial_hp":17562,"maximum_alive":21,"maximum_groups":2,"maximum_projection_error":0.00000539479651706642,"removed_hp":17562,"screen_samples":876,"seconds":27.1,"world_render_alignment":true}
ART_PILOT_DIRECTION {"all_actor_points_inside_safe_area":true,"clears":1,"entrance":"southwest","initial_hp":17562,"maximum_alive":21,"maximum_groups":2,"maximum_projection_error":0.00000768876816437114,"removed_hp":17562,"screen_samples":1500,"seconds":46.6,"world_render_alignment":true}
ART_PILOT_DIRECTION {"all_actor_points_inside_safe_area":true,"clears":1,"entrance":"northwest","initial_hp":17562,"maximum_alive":21,"maximum_groups":2,"maximum_projection_error":0.00000539479651706642,"removed_hp":17562,"screen_samples":1728,"seconds":54.2,"world_render_alignment":true}
ART_PILOT_DIRECTION {"all_actor_points_inside_safe_area":true,"clears":1,"entrance":"southeast","initial_hp":17562,"maximum_alive":21,"maximum_groups":2,"maximum_projection_error":0.00000393209984395071,"removed_hp":17562,"screen_samples":1768,"seconds":61.8,"world_render_alignment":true}
art_direction_pilot checks=845 failures=[]
