Godot Engine v4.7.2.stable.official.ed1daf0bf - https://godotengine.org
Vulkan 1.4.305 - Forward Mobile - Using Device #0: Unknown - llvmpipe (LLVM 19.1.7, 256 bits)

WARNING: Screen-space ambient occlusion (SSAO) is only available when using the Forward+ or Compatibility renderers.
     at: environment_set_ssao (servers/rendering/storage/environment_storage.cpp:700)
     GDScript backtrace (most recent call first):
         [0] load_map (res://scripts/maps/MapLoader.gd:16)
         [1] load_zone (res://scripts/maps/MapLoader.gd:12)
         [2] _create_map_root (res://scripts/maps3d/Battlefield3DView.gd:70)
         [3] _ready (res://scripts/maps3d/Battlefield3DView.gd:47)
         [4] _install_portrait_hud (res://scripts/portrait/PortraitMain.gd:272)
         [5] _install_portrait_hud (res://scripts/art/ArtDirectionLab.gd:84)
         [6] _build_combat_screen (res://scripts/portrait/PortraitMain.gd:154)
         [7] _ready (res://scripts/art/ArtDirectionLab.gd:51)
         [8] _ready (res://scripts/art/RaidDesignLab.gd:4)
         [9] run (res://tools/capture_raid_design.gd:18)
WARNING: Volumetric fog is only available when using the Forward+ renderer.
     at: environment_set_volumetric_fog (servers/rendering/storage/environment_storage.cpp:458)
     GDScript backtrace (most recent call first):
         [0] load_map (res://scripts/maps/MapLoader.gd:16)
         [1] load_zone (res://scripts/maps/MapLoader.gd:12)
         [2] _create_map_root (res://scripts/maps3d/Battlefield3DView.gd:70)
         [3] _ready (res://scripts/maps3d/Battlefield3DView.gd:47)
         [4] _install_portrait_hud (res://scripts/portrait/PortraitMain.gd:272)
         [5] _install_portrait_hud (res://scripts/art/ArtDirectionLab.gd:84)
         [6] _build_combat_screen (res://scripts/portrait/PortraitMain.gd:154)
         [7] _ready (res://scripts/art/ArtDirectionLab.gd:51)
         [8] _ready (res://scripts/art/RaidDesignLab.gd:4)
         [9] run (res://tools/capture_raid_design.gd:18)
RAID_DESIGN_CAPTURE gray_meadow-ready elapsed=0.0 hp=0
RAID_DESIGN_CAPTURE gray_meadow-warning elapsed=3.65 hp=14365
RAID_DESIGN_CAPTURE forgotten_mine-ready elapsed=0.0 hp=14365
RAID_DESIGN_CAPTURE forgotten_mine-warning elapsed=4.39999999999999 hp=43326
RAID_DESIGN_CAPTURE moonrest_forest-ready elapsed=0.0 hp=43326
RAID_DESIGN_CAPTURE moonrest_forest-warning elapsed=3.5 hp=101320
RAID_DESIGN_CAPTURE options elapsed=3.5 hp=101320
RAID_DESIGN_CAPTURE defeat elapsed=0.0 hp=124000
RAID_DESIGN_CAPTURE retry elapsed=0.0 hp=124000
