Godot Engine v4.6.3.stable.official.7d41c59c4 - https://godotengine.org

ERROR: curse fixture triggers lethal Bron counter
   at: push_error (core/variant/variant_utility.cpp:1024)
   GDScript backtrace (most recent call first):
       [0] _check (res://scripts/V51CombatSafetySmokeTest.gd:14)
       [1] _test_boss_counter_kill (res://scripts/V51CombatSafetySmokeTest.gd:79)
       [2] _run (res://scripts/V51CombatSafetySmokeTest.gd:113)
ERROR: curse counter-killed boss remains dead
   at: push_error (core/variant/variant_utility.cpp:1024)
   GDScript backtrace (most recent call first):
       [0] _check (res://scripts/V51CombatSafetySmokeTest.gd:14)
       [1] _test_boss_counter_kill (res://scripts/V51CombatSafetySmokeTest.gd:80)
       [2] _run (res://scripts/V51CombatSafetySmokeTest.gd:113)
ERROR: curse counter damage settles once without overkill credit
   at: push_error (core/variant/variant_utility.cpp:1024)
   GDScript backtrace (most recent call first):
       [0] _check (res://scripts/V51CombatSafetySmokeTest.gd:14)
       [1] _test_boss_counter_kill (res://scripts/V51CombatSafetySmokeTest.gd:82)
       [2] _run (res://scripts/V51CombatSafetySmokeTest.gd:113)
ERROR: aoe fixture triggers lethal Bron counter
   at: push_error (core/variant/variant_utility.cpp:1024)
   GDScript backtrace (most recent call first):
       [0] _check (res://scripts/V51CombatSafetySmokeTest.gd:14)
       [1] _test_boss_counter_kill (res://scripts/V51CombatSafetySmokeTest.gd:79)
       [2] _run (res://scripts/V51CombatSafetySmokeTest.gd:113)
ERROR: aoe counter-killed boss remains dead
   at: push_error (core/variant/variant_utility.cpp:1024)
   GDScript backtrace (most recent call first):
       [0] _check (res://scripts/V51CombatSafetySmokeTest.gd:14)
       [1] _test_boss_counter_kill (res://scripts/V51CombatSafetySmokeTest.gd:80)
       [2] _run (res://scripts/V51CombatSafetySmokeTest.gd:113)
ERROR: aoe counter damage settles once without overkill credit
   at: push_error (core/variant/variant_utility.cpp:1024)
   GDScript backtrace (most recent call first):
       [0] _check (res://scripts/V51CombatSafetySmokeTest.gd:14)
       [1] _test_boss_counter_kill (res://scripts/V51CombatSafetySmokeTest.gd:82)
       [2] _run (res://scripts/V51CombatSafetySmokeTest.gd:113)
ERROR: counter kill settles victory during the same production tick
   at: push_error (core/variant/variant_utility.cpp:1024)
   GDScript backtrace (most recent call first):
       [0] _check (res://scripts/V51CombatSafetySmokeTest.gd:14)
       [1] _test_boss_counter_kill (res://scripts/V51CombatSafetySmokeTest.gd:97)
       [2] _run (res://scripts/V51CombatSafetySmokeTest.gd:113)
ERROR: counter victory awards the normal raid reward
   at: push_error (core/variant/variant_utility.cpp:1024)
   GDScript backtrace (most recent call first):
       [0] _check (res://scripts/V51CombatSafetySmokeTest.gd:14)
       [1] _test_boss_counter_kill (res://scripts/V51CombatSafetySmokeTest.gd:98)
       [2] _run (res://scripts/V51CombatSafetySmokeTest.gd:113)
V51CombatSafetySmokeTest: 47 checks, 8 failures
