Godot Engine v4.6.3.stable.official.7d41c59c4 - https://godotengine.org

ERROR: V63 reward feed leaves auto buttons unobstructed
   at: push_error (core/variant/variant_utility.cpp:1024)
   GDScript backtrace (most recent call first):
       [0] check (res://scripts/V63AutoFxOfflineSmokeTest.gd:7)
       [1] run (res://scripts/V63AutoFxOfflineSmokeTest.gd:23)
       [2] settle (res://scripts/V63AutoFxOfflineSmokeTest.gd:10)
ERROR: V63 online hunt credits currency and account XP without a claim
   at: push_error (core/variant/variant_utility.cpp:1024)
   GDScript backtrace (most recent call first):
       [0] check (res://scripts/V63AutoFxOfflineSmokeTest.gd:7)
       [1] run (res://scripts/V63AutoFxOfflineSmokeTest.gd:46)
       [2] settle (res://scripts/V63AutoFxOfflineSmokeTest.gd:10)
ERROR: V63 online stage chest pays immediately without a hidden claim
   at: push_error (core/variant/variant_utility.cpp:1024)
   GDScript backtrace (most recent call first):
       [0] check (res://scripts/V63AutoFxOfflineSmokeTest.gd:7)
       [1] run (res://scripts/V63AutoFxOfflineSmokeTest.gd:78)
       [2] settle (res://scripts/V63AutoFxOfflineSmokeTest.gd:10)
v63_auto_fx_offline 17/20 pass
WARNING: ObjectDB instances leaked at exit (run with --verbose for details).
   at: cleanup (core/object/object.cpp:2663)
ERROR: 2 resources still in use at exit (run with --verbose for details).
   at: clear (core/io/resource.cpp:810)
