Godot Engine v4.6.3.stable.official.7d41c59c4 - https://godotengine.org
WARNING: Could not set V-Sync mode, as changing V-Sync mode is not supported by the graphics driver.
     at: set_use_vsync (platform/linuxbsd/x11/gl_manager_x11.cpp:364)
OpenGL API 4.5 (Core Profile) Mesa 25.0.7-2+deb13u1 - Compatibility - Using Device: Mesa - llvmpipe (LLVM 19.1.7, 256 bits)

WARNING: Volumetric fog is only available when using the Forward+ renderer.
     at: environment_set_volumetric_fog (servers/rendering/storage/environment_storage.cpp:458)
     GDScript backtrace (most recent call first):
         [0] load_map (res://scripts/maps/MapLoader.gd:16)
         [1] load_zone (res://scripts/maps/MapLoader.gd:12)
         [2] _ready (res://scripts/maps3d/Battlefield3DView.gd:42)
         [3] _install_portrait_hud (res://scripts/portrait/PortraitMain.gd:273)
         [4] _build_combat_screen (res://scripts/portrait/PortraitMain.gd:154)
         [5] run (res://tools/capture_simple_ux.gd:21)
         [6] settle (res://tools/capture_simple_ux.gd:6)
UX_CAPTURE hunt
UX_CAPTURE hunt-controls
UX_CAPTURE menu-battle
UX_CAPTURE menu-heroes
UX_CAPTURE menu-account
UX_CAPTURE challenges
UX_CAPTURE daily
UX_CAPTURE hero
UX_CAPTURE bag
UX_CAPTURE menu-wide
