Godot Engine v4.7.2.stable.official.ed1daf0bf - https://godotengine.org

[   0% ] first_scan_filesystem | Started Project initialization (5 steps)
[   0% ] first_scan_filesystem | Scanning file structure...
[  16% ] first_scan_filesystem | Loading global class names...
[  33% ] first_scan_filesystem | Verifying GDExtensions...
[  50% ] first_scan_filesystem | Creating autoload scripts...
[  66% ] first_scan_filesystem | Initializing plugins...
[  83% ] first_scan_filesystem | Starting file scan...
[ DONE ] first_scan_filesystem

[   0% ] update_scripts_classes | Started Registering global classes... (261 steps)
[   0% ] update_scripts_classes | 
[   0% ] update_scripts_classes | 
[   0% ] update_scripts_classes | 
[   1% ] update_scripts_classes | 
[   1% ] update_scripts_classes | 
[   1% ] update_scripts_classes | 
[   2% ] update_scripts_classes | 
[   2% ] update_scripts_classes | 
[   3% ] update_scripts_classes | 
[   3% ] update_scripts_classes | 
[   3% ] update_scripts_classes | 
[   4% ] update_scripts_classes | 
[   4% ] update_scripts_classes | 
[   4% ] update_scripts_classes | 
[   5% ] update_scripts_classes | 
[   5% ] update_scripts_classes | 
[   6% ] update_scripts_classes | 
[   6% ] update_scripts_classes | 
[   6% ] update_scripts_classes | 
[   7% ] update_scripts_classes | 
[   7% ] update_scripts_classes | 
[   8% ] update_scripts_classes | 
[   8% ] update_scripts_classes | 
[   8% ] update_scripts_classes | 
[   9% ] update_scripts_classes | 
[   9% ] update_scripts_classes | 
[   9% ] update_scripts_classes | 
[  10% ] update_scripts_classes | 
[  10% ] update_scripts_classes | 
[  11% ] update_scripts_classes | 
[  11% ] update_scripts_classes | 
[  11% ] update_scripts_classes | 
[  12% ] update_scripts_classes | 
[  12% ] update_scripts_classes | 
[  12% ] update_scripts_classes | AutoCombatTactics
[  13% ] update_scripts_classes | 
[  13% ] update_scripts_classes | AutoHuntController
[  14% ] update_scripts_classes | 
[  14% ] update_scripts_classes | 
[  14% ] update_scripts_classes | 
[  15% ] update_scripts_classes | BrightSpriteAtlasLayout
[  15% ] update_scripts_classes | 
[  16% ] update_scripts_classes | ChallengeBattleSession
[  16% ] update_scripts_classes | 
[  16% ] update_scripts_classes | CombatDecisionEngine
[  17% ] update_scripts_classes | 
[  17% ] update_scripts_classes | CombatFxDirector
[  17% ] update_scripts_classes | 
[  18% ] update_scripts_classes | CombatStatusRules
[  18% ] update_scripts_classes | ContentScreens
[  19% ] update_scripts_classes | 
[  19% ] update_scripts_classes | 
[  19% ] update_scripts_classes | EquipmentArtCatalog
[  20% ] update_scripts_classes | EquipmentMarketService
[  20% ] update_scripts_classes | EquipmentRules
[  20% ] update_scripts_classes | EquipmentScreens
[  21% ] update_scripts_classes | 
[  21% ] update_scripts_classes | EquipmentWorkshop
[  22% ] update_scripts_classes | FieldArtCatalog
[  22% ] update_scripts_classes | FieldEcology
[  22% ] update_scripts_classes | FieldHuntVariety
[  23% ] update_scripts_classes | 
[  23% ] update_scripts_classes | GameUiIcon
[  24% ] update_scripts_classes | GameUiTheme
[  24% ] update_scripts_classes | 
[  24% ] update_scripts_classes | 
[  25% ] update_scripts_classes | HeroAnimationAtlas
[  25% ] update_scripts_classes | HeroAnimationAtlasLayout
[  25% ] update_scripts_classes | HeroCombatRules
[  26% ] update_scripts_classes | 
[  26% ] update_scripts_classes | HeroIdentityCatalog
[  27% ] update_scripts_classes | HeroKitRuntime
[  27% ] update_scripts_classes | HeroRosterCatalog
[  27% ] update_scripts_classes | HeroScreens
[  28% ] update_scripts_classes | HeroSkillEffect
[  28% ] update_scripts_classes | HeroSpriteController
[  29% ] update_scripts_classes | HeroSpriteFactory
[  29% ] update_scripts_classes | HeroVisualCatalog
[  29% ] update_scripts_classes | IdleHuntEstimator
[  30% ] update_scripts_classes | 
[  30% ] update_scripts_classes | 
[  30% ] update_scripts_classes | 
[  31% ] update_scripts_classes | LandingScreens
[  31% ] update_scripts_classes | 
[  32% ] update_scripts_classes | 
[  32% ] update_scripts_classes | 
[  32% ] update_scripts_classes | MapTerrainRenderer
[  33% ] update_scripts_classes | 
[  33% ] update_scripts_classes | 
[  33% ] update_scripts_classes | MonsterPixelAtlasLayout
[  34% ] update_scripts_classes | MonsterSpriteController
[  34% ] update_scripts_classes | MonsterSpriteFactory
[  35% ] update_scripts_classes | OnboardingScreens
[  35% ] update_scripts_classes | PartyMovementDirector
[  35% ] update_scripts_classes | PixelArtPipeline
[  36% ] update_scripts_classes | PixelFxAtlas
[  36% ] update_scripts_classes | 
[  37% ] update_scripts_classes | 
[  37% ] update_scripts_classes | 
[  37% ] update_scripts_classes | RaidScreen
[  38% ] update_scripts_classes | 
[  38% ] update_scripts_classes | RewardDialogs
[  38% ] update_scripts_classes | RoamingHuntDirector
[  39% ] update_scripts_classes | 
[  39% ] update_scripts_classes | SaveStore
[  40% ] update_scripts_classes | SaveValidation
[  40% ] update_scripts_classes | 
[  40% ] update_scripts_classes | 
[  41% ] update_scripts_classes | 
[  41% ] update_scripts_classes | 
[  41% ] update_scripts_classes | 
[  42% ] update_scripts_classes | 
[  42% ] update_scripts_classes | 
[  43% ] update_scripts_classes | 
[  43% ] update_scripts_classes | 
[  43% ] update_scripts_classes | 
[  44% ] update_scripts_classes | 
[  44% ] update_scripts_classes | 
[  45% ] update_scripts_classes | 
[  45% ] update_scripts_classes | 
[  45% ] update_scripts_classes | 
[  46% ] update_scripts_classes | 
[  46% ] update_scripts_classes | 
[  46% ] update_scripts_classes | 
[  47% ] update_scripts_classes | 
[  47% ] update_scripts_classes | 
[  48% ] update_scripts_classes | 
[  48% ] update_scripts_classes | 
[  48% ] update_scripts_classes | 
[  49% ] update_scripts_classes | 
[  49% ] update_scripts_classes | 
[  50% ] update_scripts_classes | 
[  50% ] update_scripts_classes | 
[  50% ] update_scripts_classes | 
[  51% ] update_scripts_classes | 
[  51% ] update_scripts_classes | 
[  51% ] update_scripts_classes | 
[  52% ] update_scripts_classes | 
[  52% ] update_scripts_classes | 
[  53% ] update_scripts_classes | 
[  53% ] update_scripts_classes | 
[  53% ] update_scripts_classes | 
[  54% ] update_scripts_classes | 
[  54% ] update_scripts_classes | 
[  54% ] update_scripts_classes | 
[  55% ] update_scripts_classes | 
[  55% ] update_scripts_classes | 
[  56% ] update_scripts_classes | 
[  56% ] update_scripts_classes | 
[  56% ] update_scripts_classes | 
[  57% ] update_scripts_classes | 
[  57% ] update_scripts_classes | 
[  58% ] update_scripts_classes | 
[  58% ] update_scripts_classes | 
[  58% ] update_scripts_classes | 
[  59% ] update_scripts_classes | 
[  59% ] update_scripts_classes | 
[  59% ] update_scripts_classes | 
[  60% ] update_scripts_classes | 
[  60% ] update_scripts_classes | 
[  61% ] update_scripts_classes | 
[  61% ] update_scripts_classes | 
[  61% ] update_scripts_classes | 
[  62% ] update_scripts_classes | 
[  62% ] update_scripts_classes | 
[  62% ] update_scripts_classes | 
[  63% ] update_scripts_classes | 
[  63% ] update_scripts_classes | 
[  64% ] update_scripts_classes | 
[  64% ] update_scripts_classes | 
[  64% ] update_scripts_classes | 
[  65% ] update_scripts_classes | 
[  65% ] update_scripts_classes | 
[  66% ] update_scripts_classes | 
[  66% ] update_scripts_classes | 
[  66% ] update_scripts_classes | 
[  67% ] update_scripts_classes | 
[  67% ] update_scripts_classes | 
[  67% ] update_scripts_classes | 
[  68% ] update_scripts_classes | 
[  68% ] update_scripts_classes | 
[  69% ] update_scripts_classes | 
[  69% ] update_scripts_classes | 
[  69% ] update_scripts_classes | 
[  70% ] update_scripts_classes | 
[  70% ] update_scripts_classes | 
[  70% ] update_scripts_classes | 
[  71% ] update_scripts_classes | 
[  71% ] update_scripts_classes | 
[  72% ] update_scripts_classes | 
[  72% ] update_scripts_classes | 
[  72% ] update_scripts_classes | 
[  73% ] update_scripts_classes | 
[  73% ] update_scripts_classes | 
[  74% ] update_scripts_classes | 
[  74% ] update_scripts_classes | 
[  74% ] update_scripts_classes | 
[  75% ] update_scripts_classes | 
[  75% ] update_scripts_classes | 
[  75% ] update_scripts_classes | 
[  76% ] update_scripts_classes | 
[  76% ] update_scripts_classes | 
[  77% ] update_scripts_classes | 
[  77% ] update_scripts_classes | 
[  77% ] update_scripts_classes | 
[  78% ] update_scripts_classes | 
[  78% ] update_scripts_classes | 
[  79% ] update_scripts_classes | 
[  79% ] update_scripts_classes | 
[  79% ] update_scripts_classes | 
[  80% ] update_scripts_classes | 
[  80% ] update_scripts_classes | 
[  80% ] update_scripts_classes | 
[  81% ] update_scripts_classes | 
[  81% ] update_scripts_classes | 
[  82% ] update_scripts_classes | 
[  82% ] update_scripts_classes | 
[  82% ] update_scripts_classes | 
[  83% ] update_scripts_classes | 
[  83% ] update_scripts_classes | 
[  83% ] update_scripts_classes | 
[  84% ] update_scripts_classes | 
[  84% ] update_scripts_classes | 
[  85% ] update_scripts_classes | 
[  85% ] update_scripts_classes | 
[  85% ] update_scripts_classes | 
[  86% ] update_scripts_classes | 
[  86% ] update_scripts_classes | 
[  87% ] update_scripts_classes | 
[  87% ] update_scripts_classes | 
[  87% ] update_scripts_classes | 
[  88% ] update_scripts_classes | 
[  88% ] update_scripts_classes | 
[  88% ] update_scripts_classes | 
[  89% ] update_scripts_classes | 
[  89% ] update_scripts_classes | 
[  90% ] update_scripts_classes | WorldAuthorityService
[  90% ] update_scripts_classes | WorldBattleResolver
[  90% ] update_scripts_classes | 
[  91% ] update_scripts_classes | WorldCampaignRules
[  91% ] update_scripts_classes | WorldConflictState
[  91% ] update_scripts_classes | 
[  92% ] update_scripts_classes | WorldMarchState
[  92% ] update_scripts_classes | 
[  93% ] update_scripts_classes | WorldSeasonState
[  93% ] update_scripts_classes | 
[  93% ] update_scripts_classes | WorldServerGateway
[  94% ] update_scripts_classes | WorldSupplyNetwork
[  94% ] update_scripts_classes | 
[  95% ] update_scripts_classes | WorldSyncGuard
[  95% ] update_scripts_classes | WorldWarClientSession
[  95% ] update_scripts_classes | WorldWarMapView
[  96% ] update_scripts_classes | WorldWarMinimap
[  96% ] update_scripts_classes | WorldWarScreen
[  96% ] update_scripts_classes | WorldWarState
[  97% ] update_scripts_classes | 
[  97% ] update_scripts_classes | 
[  98% ] update_scripts_classes | 
[  98% ] update_scripts_classes | 
[  98% ] update_scripts_classes | 
[  99% ] update_scripts_classes | 
[ DONE ] update_scripts_classes

[   0% ] _update_scan_actions | Started Scanning actions... (283 steps)
[   0% ] _update_scan_actions | crystal-forge.png
[   0% ] _update_scan_actions | eclipse-grove.png
[   0% ] _update_scan_actions | stone-circle.png
[   1% ] _update_scan_actions | NanumGothic-Regular.ttf
[   1% ] _update_scan_actions | elemental-spell-atlas-v32.png
[   1% ] _update_scan_actions | atlas.png
[   2% ] _update_scan_actions | attack_1-00.png
[   2% ] _update_scan_actions | attack_1-01.png
[   2% ] _update_scan_actions | attack_1-02.png
[   3% ] _update_scan_actions | attack_2-00.png
[   3% ] _update_scan_actions | attack_2-01.png
[   3% ] _update_scan_actions | attack_2-02.png
[   4% ] _update_scan_actions | buff-00.png
[   4% ] _update_scan_actions | buff-01.png
[   4% ] _update_scan_actions | buff-02.png
[   5% ] _update_scan_actions | death-00.png
[   5% ] _update_scan_actions | death-01.png
[   5% ] _update_scan_actions | debuff-00.png
[   6% ] _update_scan_actions | debuff-01.png
[   6% ] _update_scan_actions | debuff-02.png
[   7% ] _update_scan_actions | dodge-00.png
[   7% ] _update_scan_actions | dodge-01.png
[   7% ] _update_scan_actions | guard-00.png
[   8% ] _update_scan_actions | guard-01.png
[   8% ] _update_scan_actions | guard-02.png
[   8% ] _update_scan_actions | hit-00.png
[   9% ] _update_scan_actions | hit-01.png
[   9% ] _update_scan_actions | hit-02.png
[   9% ] _update_scan_actions | idle-00.png
[  10% ] _update_scan_actions | idle-01.png
[  10% ] _update_scan_actions | idle-02.png
[  10% ] _update_scan_actions | knockback-00.png
[  11% ] _update_scan_actions | knockback-01.png
[  11% ] _update_scan_actions | run-00.png
[  11% ] _update_scan_actions | run-01.png
[  12% ] _update_scan_actions | run-02.png
[  12% ] _update_scan_actions | skill-00.png
[  13% ] _update_scan_actions | skill-01.png
[  13% ] _update_scan_actions | skill-02.png
[  13% ] _update_scan_actions | ultimate-00.png
[  14% ] _update_scan_actions | ultimate-01.png
[  14% ] _update_scan_actions | victory-00.png
[  14% ] _update_scan_actions | victory-01.png
[  15% ] _update_scan_actions | victory-02.png
[  15% ] _update_scan_actions | walk-00.png
[  15% ] _update_scan_actions | walk-01.png
[  16% ] _update_scan_actions | walk-02.png
[  16% ] _update_scan_actions | atlas.png
[  16% ] _update_scan_actions | attack_1-00.png
[  17% ] _update_scan_actions | attack_1-01.png
[  17% ] _update_scan_actions | attack_2-00.png
[  17% ] _update_scan_actions | attack_2-01.png
[  18% ] _update_scan_actions | buff-00.png
[  18% ] _update_scan_actions | death-00.png
[  19% ] _update_scan_actions | debuff-00.png
[  19% ] _update_scan_actions | dodge-00.png
[  19% ] _update_scan_actions | guard-00.png
[  20% ] _update_scan_actions | hit-00.png
[  20% ] _update_scan_actions | idle-00.png
[  20% ] _update_scan_actions | knockback-00.png
[  21% ] _update_scan_actions | run-00.png
[  21% ] _update_scan_actions | run-01.png
[  21% ] _update_scan_actions | run-02.png
[  22% ] _update_scan_actions | skill-00.png
[  22% ] _update_scan_actions | skill-01.png
[  22% ] _update_scan_actions | ultimate-00.png
[  23% ] _update_scan_actions | ultimate-01.png
[  23% ] _update_scan_actions | victory-00.png
[  23% ] _update_scan_actions | walk-00.png
[  24% ] _update_scan_actions | walk-01.png
[  24% ] _update_scan_actions | atlas.png
[  25% ] _update_scan_actions | atlas.png
[  25% ] _update_scan_actions | atlas.png
[  25% ] _update_scan_actions | atlas.png
[  26% ] _update_scan_actions | atlas.png
[  26% ] _update_scan_actions | atlas.png
[  26% ] _update_scan_actions | atlas.png
[  27% ] _update_scan_actions | atlas.png
[  27% ] _update_scan_actions | atlas.png
[  27% ] _update_scan_actions | atlas.png
[  28% ] _update_scan_actions | atlas.png
[  28% ] _update_scan_actions | atlas.png
[  28% ] _update_scan_actions | atlas.png
[  29% ] _update_scan_actions | atlas.png
[  29% ] _update_scan_actions | atlas.png
[  29% ] _update_scan_actions | atlas.png
[  30% ] _update_scan_actions | atlas.png
[  30% ] _update_scan_actions | atlas.png
[  30% ] _update_scan_actions | atlas.png
[  31% ] _update_scan_actions | atlas.png
[  31% ] _update_scan_actions | atlas.png
[  32% ] _update_scan_actions | atlas.png
[  32% ] _update_scan_actions | atlas.png
[  32% ] _update_scan_actions | atlas.png
[  33% ] _update_scan_actions | atlas.png
[  33% ] _update_scan_actions | atlas.png
[  33% ] _update_scan_actions | atlas.png
[  34% ] _update_scan_actions | atlas.png
[  34% ] _update_scan_actions | a01-board.png
[  34% ] _update_scan_actions | a06-board.png
[  35% ] _update_scan_actions | a11-board.png
[  35% ] _update_scan_actions | n01-board.png
[  35% ] _update_scan_actions | n06-board.png
[  36% ] _update_scan_actions | n11-board.png
[  36% ] _update_scan_actions | adrien.png
[  36% ] _update_scan_actions | astel.png
[  37% ] _update_scan_actions | bora.png
[  37% ] _update_scan_actions | bron.png
[  38% ] _update_scan_actions | caelum.png
[  38% ] _update_scan_actions | corvin.png
[  38% ] _update_scan_actions | darius.png
[  39% ] _update_scan_actions | elisia.png
[  39% ] _update_scan_actions | fenris.png
[  39% ] _update_scan_actions | garm.png
[  40% ] _update_scan_actions | isolde.png
[  40% ] _update_scan_actions | kairen.png
[  40% ] _update_scan_actions | leonhardt.png
[  41% ] _update_scan_actions | lucien.png
[  41% ] _update_scan_actions | lunea.png
[  41% ] _update_scan_actions | mira.png
[  42% ] _update_scan_actions | morgas.png
[  42% ] _update_scan_actions | naia.png
[  42% ] _update_scan_actions | nyx.png
[  43% ] _update_scan_actions | odelia.png
[  43% ] _update_scan_actions | orwin.png
[  44% ] _update_scan_actions | ragna.png
[  44% ] _update_scan_actions | rokan.png
[  44% ] _update_scan_actions | sael.png
[  45% ] _update_scan_actions | selene.png
[  45% ] _update_scan_actions | seria.png
[  45% ] _update_scan_actions | tessa.png
[  46% ] _update_scan_actions | ulric.png
[  46% ] _update_scan_actions | valeria.png
[  46% ] _update_scan_actions | veyra.png
[  47% ] _update_scan_actions | adrien.png
[  47% ] _update_scan_actions | astel.png
[  47% ] _update_scan_actions | bora.png
[  48% ] _update_scan_actions | bron.png
[  48% ] _update_scan_actions | caelum.png
[  48% ] _update_scan_actions | corvin.png
[  49% ] _update_scan_actions | darius.png
[  49% ] _update_scan_actions | elisia.png
[  50% ] _update_scan_actions | fenris.png
[  50% ] _update_scan_actions | garm.png
[  50% ] _update_scan_actions | isolde.png
[  51% ] _update_scan_actions | kairen.png
[  51% ] _update_scan_actions | leonhardt.png
[  51% ] _update_scan_actions | lucien.png
[  52% ] _update_scan_actions | lunea.png
[  52% ] _update_scan_actions | mira.png
[  52% ] _update_scan_actions | morgas.png
[  53% ] _update_scan_actions | naia.png
[  53% ] _update_scan_actions | nyx.png
[  53% ] _update_scan_actions | odelia.png
[  54% ] _update_scan_actions | orwin.png
[  54% ] _update_scan_actions | ragna.png
[  54% ] _update_scan_actions | rokan.png
[  55% ] _update_scan_actions | sael.png
[  55% ] _update_scan_actions | selene.png
[  55% ] _update_scan_actions | seria.png
[  56% ] _update_scan_actions | tessa.png
[  56% ] _update_scan_actions | ulric.png
[  57% ] _update_scan_actions | valeria.png
[  57% ] _update_scan_actions | veyra.png
[  57% ] _update_scan_actions | adrien-motion.png
[  58% ] _update_scan_actions | adrien-pose.png
[  58% ] _update_scan_actions | astel-motion.png
[  58% ] _update_scan_actions | astel-pose.png
[  59% ] _update_scan_actions | bora-motion.png
[  59% ] _update_scan_actions | bora-pose.png
[  59% ] _update_scan_actions | bron-motion.png
[  60% ] _update_scan_actions | bron-pose.png
[  60% ] _update_scan_actions | caelum-motion.png
[  60% ] _update_scan_actions | caelum-pose.png
[  61% ] _update_scan_actions | corvin-motion.png
[  61% ] _update_scan_actions | corvin-pose.png
[  61% ] _update_scan_actions | darius-motion.png
[  62% ] _update_scan_actions | darius-pose.png
[  62% ] _update_scan_actions | elisia-motion.png
[  63% ] _update_scan_actions | elisia-pose.png
[  63% ] _update_scan_actions | fenris-motion.png
[  63% ] _update_scan_actions | fenris-pose.png
[  64% ] _update_scan_actions | garm-motion.png
[  64% ] _update_scan_actions | garm-pose.png
[  64% ] _update_scan_actions | isolde-motion.png
[  65% ] _update_scan_actions | isolde-pose.png
[  65% ] _update_scan_actions | kairen-motion.png
[  65% ] _update_scan_actions | kairen-pose.png
[  66% ] _update_scan_actions | leonhardt-motion.png
[  66% ] _update_scan_actions | leonhardt-pose.png
[  66% ] _update_scan_actions | lucien-motion.png
[  67% ] _update_scan_actions | lucien-pose.png
[  67% ] _update_scan_actions | lunea-motion.png
[  67% ] _update_scan_actions | lunea-pose.png
[  68% ] _update_scan_actions | mira-motion.png
[  68% ] _update_scan_actions | mira-pose.png
[  69% ] _update_scan_actions | morgas-motion.png
[  69% ] _update_scan_actions | morgas-pose.png
[  69% ] _update_scan_actions | naia-motion.png
[  70% ] _update_scan_actions | naia-pose.png
[  70% ] _update_scan_actions | nyx-motion.png
[  70% ] _update_scan_actions | nyx-pose.png
[  71% ] _update_scan_actions | odelia-motion.png
[  71% ] _update_scan_actions | odelia-pose.png
[  71% ] _update_scan_actions | orwin-motion.png
[  72% ] _update_scan_actions | orwin-pose.png
[  72% ] _update_scan_actions | ragna-motion.png
[  72% ] _update_scan_actions | ragna-pose.png
[  73% ] _update_scan_actions | rokan-motion.png
[  73% ] _update_scan_actions | rokan-pose.png
[  73% ] _update_scan_actions | sael-motion.png
[  74% ] _update_scan_actions | sael-pose.png
[  74% ] _update_scan_actions | selene-motion.png
[  75% ] _update_scan_actions | selene-pose.png
[  75% ] _update_scan_actions | seria-motion.png
[  75% ] _update_scan_actions | seria-pose.png
[  76% ] _update_scan_actions | tessa-motion.png
[  76% ] _update_scan_actions | tessa-pose.png
[  76% ] _update_scan_actions | ulric-motion.png
[  77% ] _update_scan_actions | ulric-pose.png
[  77% ] _update_scan_actions | valeria-motion.png
[  77% ] _update_scan_actions | valeria-pose.png
[  78% ] _update_scan_actions | veyra-motion.png
[  78% ] _update_scan_actions | veyra-pose.png
[  78% ] _update_scan_actions | field-monsters-atlas.png
[  79% ] _update_scan_actions | boss-three-atlas.png
[  79% ] _update_scan_actions | depths-seven-atlas.png
[  79% ] _update_scan_actions | meadow-six-atlas.png
[  80% ] _update_scan_actions | bristle-boar-four.png
[  80% ] _update_scan_actions | goblin-four.png
[  80% ] _update_scan_actions | wild-dog-four.png
[  81% ] _update_scan_actions | boss-three-atlas.png
[  81% ] _update_scan_actions | depths-seven-safe-atlas.png
[  82% ] _update_scan_actions | meadow-six-atlas.png
[  82% ] _update_scan_actions | forgotten-mine-bat.png
[  82% ] _update_scan_actions | forgotten-mine-boss.png
[  83% ] _update_scan_actions | forgotten-mine-mole.png
[  83% ] _update_scan_actions | forgotten-mine-orc.png
[  83% ] _update_scan_actions | forgotten-mine-spider.png
[  84% ] _update_scan_actions | gray-meadow-boar.png
[  84% ] _update_scan_actions | gray-meadow-boss.png
[  84% ] _update_scan_actions | gray-meadow-crow.png
[  85% ] _update_scan_actions | gray-meadow-goblin.png
[  85% ] _update_scan_actions | gray-meadow-wolves.png
[  85% ] _update_scan_actions | moonrest-boss.png
[  86% ] _update_scan_actions | moonrest-deer.png
[  86% ] _update_scan_actions | moonrest-mushroom.png
[  86% ] _update_scan_actions | moonrest-raven.png
[  87% ] _update_scan_actions | moonrest-wolf.png
[  87% ] _update_scan_actions | moonrest-wraith.png
[  88% ] _update_scan_actions | mine-crystal.png
[  88% ] _update_scan_actions | moon-tree.png
[  88% ] _update_scan_actions | canopy-tree.png
[  89% ] _update_scan_actions | caelum-sheet.png
[  89% ] _update_scan_actions | darius-sheet.png
[  89% ] _update_scan_actions | leonhardt-sheet.png
[  90% ] _update_scan_actions | mira-sheet.png
[  90% ] _update_scan_actions | orwin-sheet.png
[  90% ] _update_scan_actions | a01-sheet.png
[  91% ] _update_scan_actions | a06-sheet.png
[  91% ] _update_scan_actions | a11-sheet.png
[  91% ] _update_scan_actions | n01-sheet.png
[  92% ] _update_scan_actions | n06-sheet.png
[  92% ] _update_scan_actions | n11-sheet.png
[  92% ] _update_scan_actions | kairen-sheet.png
[  93% ] _update_scan_actions | elisia-sheet.png
[  93% ] _update_scan_actions | leonhardt-sheet.png
[  94% ] _update_scan_actions | mira-sheet.png
[  94% ] _update_scan_actions | arcane-header.png
[  94% ] _update_scan_actions | arcane-sanctuary.png
[  95% ] _update_scan_actions | crimson-canyon.png
[  95% ] _update_scan_actions | crimson-header.png
[  95% ] _update_scan_actions | evergreen-header.png
[  96% ] _update_scan_actions | evergreen-meadow.png
[  96% ] _update_scan_actions | evergreen-overview.png
[  96% ] _update_scan_actions | slate-boulder.png
[  97% ] _update_scan_actions | equipment-icons-v32.png
[  97% ] _update_scan_actions | casual-meadow.svg
[  97% ] _update_scan_actions | portrait-sky.png
[  98% ] _update_scan_actions | portrait-sky.svg
[  98% ] _update_scan_actions | expedition-key-art.png
[  98% ] _update_scan_actions | dungeon-boss-fx-preview.png
[  99% ] _update_scan_actions | meadow-village-heroes-preview.png
[ DONE ] _update_scan_actions

[   0% ] reimport | Started (Re)Importing Assets (283 steps)
[   0% ] reimport | Preparing files to reimport...
[   0% ] reimport | Preparing files to reimport...
[   0% ] reimport | Preparing files to reimport...
[   1% ] reimport | Preparing files to reimport...
[   1% ] reimport | Preparing files to reimport...
[   1% ] reimport | Preparing files to reimport...
[   2% ] reimport | Preparing files to reimport...
[   2% ] reimport | Preparing files to reimport...
[   2% ] reimport | Preparing files to reimport...
[   3% ] reimport | Preparing files to reimport...
[   3% ] reimport | Preparing files to reimport...
[   3% ] reimport | Preparing files to reimport...
[   4% ] reimport | Preparing files to reimport...
[   4% ] reimport | Preparing files to reimport...
[   4% ] reimport | Preparing files to reimport...
[   5% ] reimport | Preparing files to reimport...
[   5% ] reimport | Preparing files to reimport...
[   5% ] reimport | Preparing files to reimport...
[   6% ] reimport | Preparing files to reimport...
[   6% ] reimport | Preparing files to reimport...
[   7% ] reimport | Preparing files to reimport...
[   7% ] reimport | Preparing files to reimport...
[   7% ] reimport | Preparing files to reimport...
[   8% ] reimport | Preparing files to reimport...
[   8% ] reimport | Preparing files to reimport...
[   8% ] reimport | Preparing files to reimport...
[   9% ] reimport | Preparing files to reimport...
[   9% ] reimport | Preparing files to reimport...
[   9% ] reimport | Preparing files to reimport...
[  10% ] reimport | Preparing files to reimport...
[  10% ] reimport | Preparing files to reimport...
[  10% ] reimport | Preparing files to reimport...
[  11% ] reimport | Preparing files to reimport...
[  11% ] reimport | Preparing files to reimport...
[  11% ] reimport | Preparing files to reimport...
[  12% ] reimport | Preparing files to reimport...
[  12% ] reimport | Preparing files to reimport...
[  13% ] reimport | Preparing files to reimport...
[  13% ] reimport | Preparing files to reimport...
[  13% ] reimport | Preparing files to reimport...
[  14% ] reimport | Preparing files to reimport...
[  14% ] reimport | Preparing files to reimport...
[  14% ] reimport | Preparing files to reimport...
[  15% ] reimport | Preparing files to reimport...
[  15% ] reimport | Preparing files to reimport...
[  15% ] reimport | Preparing files to reimport...
[  16% ] reimport | Preparing files to reimport...
[  16% ] reimport | Preparing files to reimport...
[  16% ] reimport | Preparing files to reimport...
[  17% ] reimport | Preparing files to reimport...
[  17% ] reimport | Preparing files to reimport...
[  17% ] reimport | Preparing files to reimport...
[  18% ] reimport | Preparing files to reimport...
[  18% ] reimport | Preparing files to reimport...
[  19% ] reimport | Preparing files to reimport...
[  19% ] reimport | Preparing files to reimport...
[  19% ] reimport | Preparing files to reimport...
[  20% ] reimport | Preparing files to reimport...
[  20% ] reimport | Preparing files to reimport...
[  20% ] reimport | Preparing files to reimport...
[  21% ] reimport | Preparing files to reimport...
[  21% ] reimport | Preparing files to reimport...
[  21% ] reimport | Preparing files to reimport...
[  22% ] reimport | Preparing files to reimport...
[  22% ] reimport | Preparing files to reimport...
[  22% ] reimport | Preparing files to reimport...
[  23% ] reimport | Preparing files to reimport...
[  23% ] reimport | Preparing files to reimport...
[  23% ] reimport | Preparing files to reimport...
[  24% ] reimport | Preparing files to reimport...
[  24% ] reimport | Preparing files to reimport...
[  25% ] reimport | Preparing files to reimport...
[  25% ] reimport | Preparing files to reimport...
[  25% ] reimport | Preparing files to reimport...
[  26% ] reimport | Preparing files to reimport...
[  26% ] reimport | Preparing files to reimport...
[  26% ] reimport | Preparing files to reimport...
[  27% ] reimport | Preparing files to reimport...
[  27% ] reimport | Preparing files to reimport...
[  27% ] reimport | Preparing files to reimport...
[  28% ] reimport | Preparing files to reimport...
[  28% ] reimport | Preparing files to reimport...
[  28% ] reimport | Preparing files to reimport...
[  29% ] reimport | Preparing files to reimport...
[  29% ] reimport | Preparing files to reimport...
[  29% ] reimport | Preparing files to reimport...
[  30% ] reimport | Preparing files to reimport...
[  30% ] reimport | Preparing files to reimport...
[  30% ] reimport | Preparing files to reimport...
[  31% ] reimport | Preparing files to reimport...
[  31% ] reimport | Preparing files to reimport...
[  32% ] reimport | Preparing files to reimport...
[  32% ] reimport | Preparing files to reimport...
[  32% ] reimport | Preparing files to reimport...
[  33% ] reimport | Preparing files to reimport...
[  33% ] reimport | Preparing files to reimport...
[  33% ] reimport | Preparing files to reimport...
[  34% ] reimport | Preparing files to reimport...
[  34% ] reimport | Preparing files to reimport...
[  34% ] reimport | Preparing files to reimport...
[  35% ] reimport | Preparing files to reimport...
[  35% ] reimport | Preparing files to reimport...
[  35% ] reimport | Preparing files to reimport...
[  36% ] reimport | Preparing files to reimport...
[  36% ] reimport | Preparing files to reimport...
[  36% ] reimport | Preparing files to reimport...
[  37% ] reimport | Preparing files to reimport...
[  37% ] reimport | Preparing files to reimport...
[  38% ] reimport | Preparing files to reimport...
[  38% ] reimport | Preparing files to reimport...
[  38% ] reimport | Preparing files to reimport...
[  39% ] reimport | Preparing files to reimport...
[  39% ] reimport | Preparing files to reimport...
[  39% ] reimport | Preparing files to reimport...
[  40% ] reimport | Preparing files to reimport...
[  40% ] reimport | Preparing files to reimport...
[  40% ] reimport | Preparing files to reimport...
[  41% ] reimport | Preparing files to reimport...
[  41% ] reimport | Preparing files to reimport...
[  41% ] reimport | Preparing files to reimport...
[  42% ] reimport | Preparing files to reimport...
[  42% ] reimport | Preparing files to reimport...
[  42% ] reimport | Preparing files to reimport...
[  43% ] reimport | Preparing files to reimport...
[  43% ] reimport | Preparing files to reimport...
[  44% ] reimport | Preparing files to reimport...
[  44% ] reimport | Preparing files to reimport...
[  44% ] reimport | Preparing files to reimport...
[  45% ] reimport | Preparing files to reimport...
[  45% ] reimport | Preparing files to reimport...
[  45% ] reimport | Preparing files to reimport...
[  46% ] reimport | Preparing files to reimport...
[  46% ] reimport | Preparing files to reimport...
[  46% ] reimport | Preparing files to reimport...
[  47% ] reimport | Preparing files to reimport...
[  47% ] reimport | Preparing files to reimport...
[  47% ] reimport | Preparing files to reimport...
[  48% ] reimport | Preparing files to reimport...
[  48% ] reimport | Preparing files to reimport...
[  48% ] reimport | Preparing files to reimport...
[  49% ] reimport | Preparing files to reimport...
[  49% ] reimport | Preparing files to reimport...
[  50% ] reimport | Preparing files to reimport...
[  50% ] reimport | Preparing files to reimport...
[  50% ] reimport | Preparing files to reimport...
[  51% ] reimport | Preparing files to reimport...
[  51% ] reimport | Preparing files to reimport...
[  51% ] reimport | Preparing files to reimport...
[  52% ] reimport | Preparing files to reimport...
[  52% ] reimport | Preparing files to reimport...
[  52% ] reimport | Preparing files to reimport...
[  53% ] reimport | Preparing files to reimport...
[  53% ] reimport | Preparing files to reimport...
[  53% ] reimport | Preparing files to reimport...
[  54% ] reimport | Preparing files to reimport...
[  54% ] reimport | Preparing files to reimport...
[  54% ] reimport | Preparing files to reimport...
[  55% ] reimport | Preparing files to reimport...
[  55% ] reimport | Preparing files to reimport...
[  55% ] reimport | Preparing files to reimport...
[  56% ] reimport | Preparing files to reimport...
[  56% ] reimport | Preparing files to reimport...
[  57% ] reimport | Preparing files to reimport...
[  57% ] reimport | Preparing files to reimport...
[  57% ] reimport | Preparing files to reimport...
[  58% ] reimport | Preparing files to reimport...
[  58% ] reimport | Preparing files to reimport...
[  58% ] reimport | Preparing files to reimport...
[  59% ] reimport | Preparing files to reimport...
[  59% ] reimport | Preparing files to reimport...
[  59% ] reimport | Preparing files to reimport...
[  60% ] reimport | Preparing files to reimport...
[  60% ] reimport | Preparing files to reimport...
[  60% ] reimport | Preparing files to reimport...
[  61% ] reimport | Preparing files to reimport...
[  61% ] reimport | Preparing files to reimport...
[  61% ] reimport | Preparing files to reimport...
[  62% ] reimport | Preparing files to reimport...
[  62% ] reimport | Preparing files to reimport...
[  63% ] reimport | Preparing files to reimport...
[  63% ] reimport | Preparing files to reimport...
[  63% ] reimport | Preparing files to reimport...
[  64% ] reimport | Preparing files to reimport...
[  64% ] reimport | Preparing files to reimport...
[  64% ] reimport | Preparing files to reimport...
[  65% ] reimport | Preparing files to reimport...
[  65% ] reimport | Preparing files to reimport...
[  65% ] reimport | Preparing files to reimport...
[  66% ] reimport | Preparing files to reimport...
[  66% ] reimport | Preparing files to reimport...
[  66% ] reimport | Preparing files to reimport...
[  67% ] reimport | Preparing files to reimport...
[  67% ] reimport | Preparing files to reimport...
[  67% ] reimport | Preparing files to reimport...
[  68% ] reimport | Preparing files to reimport...
[  68% ] reimport | Preparing files to reimport...
[  69% ] reimport | Preparing files to reimport...
[  69% ] reimport | Preparing files to reimport...
[  69% ] reimport | Preparing files to reimport...
[  70% ] reimport | Preparing files to reimport...
[  70% ] reimport | Preparing files to reimport...
[  70% ] reimport | Preparing files to reimport...
[  71% ] reimport | Preparing files to reimport...
[  71% ] reimport | Preparing files to reimport...
[  71% ] reimport | Preparing files to reimport...
[  72% ] reimport | Preparing files to reimport...
[  72% ] reimport | Preparing files to reimport...
[  72% ] reimport | Preparing files to reimport...
[  73% ] reimport | Preparing files to reimport...
[  73% ] reimport | Preparing files to reimport...
[  73% ] reimport | Preparing files to reimport...
[  74% ] reimport | Preparing files to reimport...
[  74% ] reimport | Preparing files to reimport...
[  75% ] reimport | Preparing files to reimport...
[  75% ] reimport | Preparing files to reimport...
[  75% ] reimport | Preparing files to reimport...
[  76% ] reimport | Preparing files to reimport...
[  76% ] reimport | Preparing files to reimport...
[  76% ] reimport | Preparing files to reimport...
[  77% ] reimport | Preparing files to reimport...
[  77% ] reimport | Preparing files to reimport...
[  77% ] reimport | Preparing files to reimport...
[  78% ] reimport | Preparing files to reimport...
[  78% ] reimport | Preparing files to reimport...
[  78% ] reimport | Preparing files to reimport...
[  79% ] reimport | Preparing files to reimport...
[  79% ] reimport | Preparing files to reimport...
[  79% ] reimport | Preparing files to reimport...
[  80% ] reimport | Preparing files to reimport...
[  80% ] reimport | Preparing files to reimport...
[  80% ] reimport | Preparing files to reimport...
[  81% ] reimport | Preparing files to reimport...
[  81% ] reimport | Preparing files to reimport...
[  82% ] reimport | Preparing files to reimport...
[  82% ] reimport | Preparing files to reimport...
[  82% ] reimport | Preparing files to reimport...
[  83% ] reimport | Preparing files to reimport...
[  83% ] reimport | Preparing files to reimport...
[  83% ] reimport | Preparing files to reimport...
[  84% ] reimport | Preparing files to reimport...
[  84% ] reimport | Preparing files to reimport...
[  84% ] reimport | Preparing files to reimport...
[  85% ] reimport | Preparing files to reimport...
[  85% ] reimport | Preparing files to reimport...
[  85% ] reimport | Preparing files to reimport...
[  86% ] reimport | Preparing files to reimport...
[  86% ] reimport | Preparing files to reimport...
[  86% ] reimport | Preparing files to reimport...
[  87% ] reimport | Preparing files to reimport...
[  87% ] reimport | Preparing files to reimport...
[  88% ] reimport | Preparing files to reimport...
[  88% ] reimport | Preparing files to reimport...
[  88% ] reimport | Preparing files to reimport...
[  89% ] reimport | Preparing files to reimport...
[  89% ] reimport | Preparing files to reimport...
[  89% ] reimport | Preparing files to reimport...
[  90% ] reimport | Preparing files to reimport...
[  90% ] reimport | Preparing files to reimport...
[  90% ] reimport | Preparing files to reimport...
[  91% ] reimport | Preparing files to reimport...
[  91% ] reimport | Preparing files to reimport...
[  91% ] reimport | Preparing files to reimport...
[  92% ] reimport | Preparing files to reimport...
[  92% ] reimport | Preparing files to reimport...
[  92% ] reimport | Preparing files to reimport...
[  93% ] reimport | Preparing files to reimport...
[  93% ] reimport | Preparing files to reimport...
[  94% ] reimport | Preparing files to reimport...
[  94% ] reimport | Preparing files to reimport...
[  94% ] reimport | Preparing files to reimport...
[  95% ] reimport | Preparing files to reimport...
[  95% ] reimport | Preparing files to reimport...
[  95% ] reimport | Preparing files to reimport...
[  96% ] reimport | Preparing files to reimport...
[  96% ] reimport | Preparing files to reimport...
[  96% ] reimport | Preparing files to reimport...
[  97% ] reimport | Preparing files to reimport...
[  97% ] reimport | Preparing files to reimport...
[  97% ] reimport | Preparing files to reimport...
[  98% ] reimport | Preparing files to reimport...
[  98% ] reimport | Preparing files to reimport...
[  98% ] reimport | Preparing files to reimport...
[  99% ] reimport | Preparing files to reimport...
[   0% ] reimport | Executing pre-reimport operations...
[   0% ] reimport | NanumGothic-Regular.ttf
[   0% ] reimport | NanumGothic-Regular.ttf
[   0% ] reimport | lunea-pose.png
[   1% ] reimport | lunea-motion.png
[   1% ] reimport | lucien-pose.png
[   1% ] reimport | lucien-motion.png
[   2% ] reimport | leonhardt-pose.png
[   2% ] reimport | leonhardt-motion.png
[   2% ] reimport | kairen-pose.png
[   3% ] reimport | kairen-motion.png
[   3% ] reimport | isolde-pose.png
[   3% ] reimport | isolde-motion.png
[   4% ] reimport | garm-pose.png
[   4% ] reimport | garm-motion.png
[   4% ] reimport | fenris-pose.png
[   5% ] reimport | fenris-motion.png
[   5% ] reimport | elisia-pose.png
[   5% ] reimport | elisia-motion.png
[   6% ] reimport | darius-pose.png
[   6% ] reimport | sael-pose.png
[   7% ] reimport | sael-motion.png
[   7% ] reimport | rokan-pose.png
[   7% ] reimport | rokan-motion.png
[   8% ] reimport | ragna-pose.png
[   8% ] reimport | ragna-motion.png
[   8% ] reimport | orwin-pose.png
[   9% ] reimport | orwin-motion.png
[   9% ] reimport | odelia-pose.png
[   9% ] reimport | odelia-motion.png
[  10% ] reimport | nyx-pose.png
[  10% ] reimport | nyx-motion.png
[  10% ] reimport | naia-pose.png
[  11% ] reimport | naia-motion.png
[  11% ] reimport | morgas-pose.png
[  11% ] reimport | morgas-motion.png
[  12% ] reimport | mira-pose.png
[  12% ] reimport | mira-motion.png
[  13% ] reimport | selene.png
[  13% ] reimport | sael.png
[  13% ] reimport | rokan.png
[  14% ] reimport | ragna.png
[  14% ] reimport | orwin.png
[  14% ] reimport | odelia.png
[  15% ] reimport | nyx.png
[  15% ] reimport | naia.png
[  15% ] reimport | morgas.png
[  16% ] reimport | mira.png
[  16% ] reimport | lunea.png
[  16% ] reimport | lucien.png
[  17% ] reimport | leonhardt.png
[  17% ] reimport | kairen.png
[  17% ] reimport | isolde.png
[  18% ] reimport | garm.png
[  18% ] reimport | fenris.png
[  19% ] reimport | darius-motion.png
[  19% ] reimport | corvin-pose.png
[  19% ] reimport | corvin-motion.png
[  20% ] reimport | caelum-pose.png
[  20% ] reimport | caelum-motion.png
[  20% ] reimport | bron-pose.png
[  21% ] reimport | bron-motion.png
[  21% ] reimport | bora-pose.png
[  21% ] reimport | bora-motion.png
[  22% ] reimport | astel-pose.png
[  22% ] reimport | astel-motion.png
[  22% ] reimport | adrien-pose.png
[  23% ] reimport | adrien-motion.png
[  23% ] reimport | veyra.png
[  23% ] reimport | valeria.png
[  24% ] reimport | ulric.png
[  24% ] reimport | tessa.png
[  25% ] reimport | seria.png
[  25% ] reimport | seria.png
[  25% ] reimport | kairen-sheet.png
[  25% ] reimport | n11-sheet.png
[  26% ] reimport | n06-sheet.png
[  26% ] reimport | n01-sheet.png
[  26% ] reimport | a11-sheet.png
[  27% ] reimport | a06-sheet.png
[  27% ] reimport | a01-sheet.png
[  27% ] reimport | orwin-sheet.png
[  28% ] reimport | mira-sheet.png
[  28% ] reimport | leonhardt-sheet.png
[  28% ] reimport | darius-sheet.png
[  29% ] reimport | caelum-sheet.png
[  29% ] reimport | canopy-tree.png
[  29% ] reimport | moon-tree.png
[  30% ] reimport | mine-crystal.png
[  30% ] reimport | moonrest-wraith.png
[  30% ] reimport | moonrest-wolf.png
[  31% ] reimport | meadow-village-heroes-preview.png
[  31% ] reimport | dungeon-boss-fx-preview.png
[  32% ] reimport | expedition-key-art.png
[  32% ] reimport | portrait-sky.svg
[  32% ] reimport | portrait-sky.png
[  33% ] reimport | casual-meadow.svg
[  33% ] reimport | equipment-icons-v32.png
[  33% ] reimport | slate-boulder.png
[  34% ] reimport | evergreen-overview.png
[  34% ] reimport | evergreen-meadow.png
[  34% ] reimport | evergreen-header.png
[  35% ] reimport | crimson-header.png
[  35% ] reimport | crimson-canyon.png
[  35% ] reimport | arcane-sanctuary.png
[  36% ] reimport | arcane-header.png
[  36% ] reimport | arcane-header.png
[  36% ] reimport | mira-sheet.png
[  36% ] reimport | leonhardt-sheet.png
[  37% ] reimport | elisia-sheet.png
[  37% ] reimport | goblin-four.png
[  38% ] reimport | bristle-boar-four.png
[  38% ] reimport | meadow-six-atlas.png
[  38% ] reimport | depths-seven-atlas.png
[  39% ] reimport | boss-three-atlas.png
[  39% ] reimport | field-monsters-atlas.png
[  39% ] reimport | veyra-pose.png
[  40% ] reimport | veyra-motion.png
[  40% ] reimport | valeria-pose.png
[  40% ] reimport | valeria-motion.png
[  41% ] reimport | ulric-pose.png
[  41% ] reimport | ulric-motion.png
[  41% ] reimport | tessa-pose.png
[  42% ] reimport | tessa-motion.png
[  42% ] reimport | seria-pose.png
[  42% ] reimport | seria-motion.png
[  43% ] reimport | selene-pose.png
[  43% ] reimport | selene-motion.png
[  43% ] reimport | selene-motion.png
[  44% ] reimport | moonrest-raven.png
[  44% ] reimport | moonrest-raven.png
[  44% ] reimport | moonrest-mushroom.png
[  44% ] reimport | moonrest-deer.png
[  45% ] reimport | moonrest-boss.png
[  45% ] reimport | gray-meadow-wolves.png
[  45% ] reimport | gray-meadow-goblin.png
[  46% ] reimport | gray-meadow-crow.png
[  46% ] reimport | gray-meadow-boss.png
[  46% ] reimport | gray-meadow-boar.png
[  47% ] reimport | forgotten-mine-spider.png
[  47% ] reimport | forgotten-mine-orc.png
[  47% ] reimport | forgotten-mine-mole.png
[  48% ] reimport | forgotten-mine-boss.png
[  48% ] reimport | forgotten-mine-bat.png
[  48% ] reimport | meadow-six-atlas.png
[  49% ] reimport | depths-seven-safe-atlas.png
[  49% ] reimport | boss-three-atlas.png
[  50% ] reimport | wild-dog-four.png
[  50% ] reimport | buff-00.png
[  50% ] reimport | attack_2-01.png
[  51% ] reimport | attack_2-00.png
[  51% ] reimport | attack_1-01.png
[  51% ] reimport | attack_1-00.png
[  52% ] reimport | atlas.png
[  52% ] reimport | walk-02.png
[  52% ] reimport | walk-01.png
[  53% ] reimport | walk-00.png
[  53% ] reimport | victory-02.png
[  53% ] reimport | victory-01.png
[  54% ] reimport | victory-00.png
[  54% ] reimport | ultimate-01.png
[  54% ] reimport | ultimate-00.png
[  55% ] reimport | skill-02.png
[  55% ] reimport | skill-01.png
[  55% ] reimport | skill-00.png
[  56% ] reimport | atlas.png
[  56% ] reimport | walk-01.png
[  57% ] reimport | walk-00.png
[  57% ] reimport | victory-00.png
[  57% ] reimport | ultimate-01.png
[  58% ] reimport | ultimate-00.png
[  58% ] reimport | skill-01.png
[  58% ] reimport | skill-00.png
[  59% ] reimport | run-02.png
[  59% ] reimport | run-01.png
[  59% ] reimport | run-00.png
[  60% ] reimport | knockback-00.png
[  60% ] reimport | idle-00.png
[  60% ] reimport | hit-00.png
[  61% ] reimport | guard-00.png
[  61% ] reimport | dodge-00.png
[  61% ] reimport | debuff-00.png
[  62% ] reimport | death-00.png
[  62% ] reimport | debuff-00.png
[  63% ] reimport | death-01.png
[  63% ] reimport | death-00.png
[  63% ] reimport | buff-02.png
[  64% ] reimport | buff-01.png
[  64% ] reimport | buff-00.png
[  64% ] reimport | attack_2-02.png
[  65% ] reimport | attack_2-01.png
[  65% ] reimport | attack_2-00.png
[  65% ] reimport | attack_1-02.png
[  66% ] reimport | attack_1-01.png
[  66% ] reimport | attack_1-00.png
[  66% ] reimport | attack_1-00.png
[  66% ] reimport | atlas.png
[  67% ] reimport | elemental-spell-atlas-v32.png
[  67% ] reimport | stone-circle.png
[  67% ] reimport | eclipse-grove.png
[  68% ] reimport | crystal-forge.png
[  68% ] reimport | run-02.png
[  69% ] reimport | run-01.png
[  69% ] reimport | run-00.png
[  69% ] reimport | knockback-01.png
[  70% ] reimport | knockback-00.png
[  70% ] reimport | idle-02.png
[  70% ] reimport | idle-01.png
[  71% ] reimport | idle-00.png
[  71% ] reimport | hit-02.png
[  71% ] reimport | hit-01.png
[  72% ] reimport | hit-00.png
[  72% ] reimport | guard-02.png
[  72% ] reimport | guard-01.png
[  73% ] reimport | guard-00.png
[  73% ] reimport | dodge-01.png
[  73% ] reimport | dodge-00.png
[  74% ] reimport | debuff-02.png
[  74% ] reimport | debuff-01.png
[  75% ] reimport | odelia.png
[  75% ] reimport | nyx.png
[  75% ] reimport | naia.png
[  76% ] reimport | morgas.png
[  76% ] reimport | mira.png
[  76% ] reimport | lunea.png
[  77% ] reimport | lucien.png
[  77% ] reimport | leonhardt.png
[  77% ] reimport | kairen.png
[  78% ] reimport | isolde.png
[  78% ] reimport | garm.png
[  78% ] reimport | fenris.png
[  79% ] reimport | elisia.png
[  79% ] reimport | darius.png
[  79% ] reimport | corvin.png
[  80% ] reimport | caelum.png
[  80% ] reimport | bron.png
[  80% ] reimport | elisia.png
[  81% ] reimport | darius.png
[  81% ] reimport | corvin.png
[  82% ] reimport | caelum.png
[  82% ] reimport | bron.png
[  82% ] reimport | bora.png
[  83% ] reimport | astel.png
[  83% ] reimport | adrien.png
[  83% ] reimport | veyra.png
[  84% ] reimport | valeria.png
[  84% ] reimport | ulric.png
[  84% ] reimport | tessa.png
[  85% ] reimport | seria.png
[  85% ] reimport | selene.png
[  85% ] reimport | sael.png
[  86% ] reimport | rokan.png
[  86% ] reimport | ragna.png
[  86% ] reimport | orwin.png
[  87% ] reimport | atlas.png
[  87% ] reimport | atlas.png
[  88% ] reimport | atlas.png
[  88% ] reimport | atlas.png
[  88% ] reimport | atlas.png
[  89% ] reimport | atlas.png
[  89% ] reimport | atlas.png
[  89% ] reimport | atlas.png
[  90% ] reimport | atlas.png
[  90% ] reimport | atlas.png
[  90% ] reimport | atlas.png
[  91% ] reimport | atlas.png
[  91% ] reimport | atlas.png
[  91% ] reimport | atlas.png
[  92% ] reimport | atlas.png
[  92% ] reimport | atlas.png
[  92% ] reimport | atlas.png
[  93% ] reimport | atlas.png
[  93% ] reimport | bora.png
[  94% ] reimport | astel.png
[  94% ] reimport | adrien.png
[  94% ] reimport | adrien.png
[  94% ] reimport | n11-board.png
[  95% ] reimport | n06-board.png
[  95% ] reimport | n01-board.png
[  95% ] reimport | n01-board.png
[  95% ] reimport | a11-board.png
[  96% ] reimport | a06-board.png
[  96% ] reimport | a01-board.png
[  96% ] reimport | a01-board.png
[  96% ] reimport | atlas.png
[  97% ] reimport | atlas.png
[  97% ] reimport | atlas.png
[  97% ] reimport | atlas.png
[  98% ] reimport | atlas.png
[  98% ] reimport | atlas.png
[  98% ] reimport | atlas.png
[  99% ] reimport | atlas.png
[  99% ] reimport | Finalizing Asset Import...
[ DONE ] reimport

[   0% ] reimport | Started (Re)Importing Assets (283 steps)
[   0% ] reimport | Executing post-reimport operations...
[ DONE ] reimport

[   0% ] loading_editor_layout | Started Loading editor (5 steps)
[   0% ] loading_editor_layout | Loading editor layout...
[  16% ] loading_editor_layout | Loading docks...
[ DONE ] loading_editor_layout

