Godot Engine v4.6.3.stable.official.7d41c59c4 - https://godotengine.org

FIRST_TEN_MINUTES noxfera 3401 {"average_gear_level":2.2,"bag":86,"day":1,"first_pack_seconds":26.0,"first_three_seconds":120.0,"first_upgrade_seconds":60.0,"gold":3911,"levels":[8,6,6,4,4],"max_level_heroes":0,"overflow":0,"packs":118,"party":5,"power":3036,"spent_gold":8087,"stage":12}
ECONOMY_DAY_DONE noxfera 3401 day=1
ECONOMY_CHECKPOINT noxfera 3401 {"average_gear_level":2.28571428571429,"bag":99,"day":1,"first_pack_seconds":26.0,"first_three_seconds":120.0,"first_upgrade_seconds":60.0,"gold":26527,"levels":[13,12,12,11,11,1,1],"max_level_heroes":0,"overflow":0,"packs":118,"party":7,"power":6173,"spent_gold":24773,"stage":17}
ECONOMY_DAY_DONE noxfera 3401 day=2
ECONOMY_DAY_DONE noxfera 3401 day=3
ECONOMY_DAY_DONE noxfera 3401 day=4
ECONOMY_DAY_DONE noxfera 3401 day=5
ECONOMY_DAY_DONE noxfera 3401 day=6
ECONOMY_DAY_DONE noxfera 3401 day=7
ECONOMY_CHECKPOINT noxfera 3401 {"average_gear_level":8.03333333333333,"bag":200,"day":7,"first_pack_seconds":26.0,"first_three_seconds":120.0,"first_upgrade_seconds":60.0,"gold":88227,"levels":[37,36,36,36,36,35,35,35,35,35],"max_level_heroes":0,"overflow":1432,"packs":2004,"party":10,"power":42573,"spent_gold":991239,"stage":238}
ECONOMY_DAY_DONE noxfera 3401 day=8
ECONOMY_DAY_DONE noxfera 3401 day=9
ECONOMY_DAY_DONE noxfera 3401 day=10
ECONOMY_DAY_DONE noxfera 3401 day=11
ECONOMY_DAY_DONE noxfera 3401 day=12
ECONOMY_DAY_DONE noxfera 3401 day=13
ECONOMY_DAY_DONE noxfera 3401 day=14
ECONOMY_DAY_DONE noxfera 3401 day=15
ECONOMY_DAY_DONE noxfera 3401 day=16
ECONOMY_DAY_DONE noxfera 3401 day=17
ECONOMY_DAY_DONE noxfera 3401 day=18
ECONOMY_DAY_DONE noxfera 3401 day=19
ECONOMY_DAY_DONE noxfera 3401 day=20
ECONOMY_DAY_DONE noxfera 3401 day=21
ECONOMY_DAY_DONE noxfera 3401 day=22
ECONOMY_DAY_DONE noxfera 3401 day=23
ECONOMY_DAY_DONE noxfera 3401 day=24
ECONOMY_DAY_DONE noxfera 3401 day=25
ECONOMY_DAY_DONE noxfera 3401 day=26
ECONOMY_DAY_DONE noxfera 3401 day=27
ECONOMY_DAY_DONE noxfera 3401 day=28
ECONOMY_DAY_DONE noxfera 3401 day=29
ECONOMY_DAY_DONE noxfera 3401 day=30
ECONOMY_CHECKPOINT noxfera 3401 {"average_gear_level":9.9,"bag":200,"day":30,"first_pack_seconds":26.0,"first_three_seconds":120.0,"first_upgrade_seconds":60.0,"gold":288796,"levels":[54,54,54,54,54,54,54,54,54,54],"max_level_heroes":0,"overflow":3000,"packs":3990,"party":10,"power":63974,"spent_gold":3534027,"stage":554}
ECONOMY_SIMULATION_COMPLETE noxfera 3401
