Godot Engine v4.6.3.stable.official.7d41c59c4 - https://godotengine.org

FIRST_TEN_MINUTES aurelia 3401 {"average_gear_level":1.73333333333333,"bag":50,"day":1,"first_pack_seconds":78.0,"first_three_seconds":240.0,"first_upgrade_seconds":120.0,"gold":2370,"levels":[7,5,5,1,1],"max_level_heroes":0,"overflow":0,"packs":72,"party":5,"power":2191,"spent_gold":3950,"stage":8}
ECONOMY_DAY_DONE aurelia 3401 day=1
ECONOMY_CHECKPOINT aurelia 3401 {"average_gear_level":2.73333333333333,"bag":68,"day":1,"first_pack_seconds":78.0,"first_three_seconds":240.0,"first_upgrade_seconds":120.0,"gold":25923,"levels":[13,12,12,11,11],"max_level_heroes":0,"overflow":0,"packs":72,"party":5,"power":4853,"spent_gold":17187,"stage":13}
ECONOMY_DAY_DONE aurelia 3401 day=2
ECONOMY_DAY_DONE aurelia 3401 day=3
ECONOMY_DAY_DONE aurelia 3401 day=4
ECONOMY_DAY_DONE aurelia 3401 day=5
ECONOMY_DAY_DONE aurelia 3401 day=6
ECONOMY_DAY_DONE aurelia 3401 day=7
ECONOMY_CHECKPOINT aurelia 3401 {"average_gear_level":7.9,"bag":200,"day":7,"first_pack_seconds":78.0,"first_three_seconds":240.0,"first_upgrade_seconds":120.0,"gold":228037,"levels":[37,36,36,36,36,35,35,35,35,35],"max_level_heroes":0,"overflow":166,"packs":1824,"party":10,"power":41932,"spent_gold":850007,"stage":220}
ECONOMY_DAY_DONE aurelia 3401 day=8
ECONOMY_DAY_DONE aurelia 3401 day=9
ECONOMY_DAY_DONE aurelia 3401 day=10
ECONOMY_DAY_DONE aurelia 3401 day=11
ECONOMY_DAY_DONE aurelia 3401 day=12
ECONOMY_DAY_DONE aurelia 3401 day=13
ECONOMY_DAY_DONE aurelia 3401 day=14
ECONOMY_DAY_DONE aurelia 3401 day=15
ECONOMY_DAY_DONE aurelia 3401 day=16
ECONOMY_DAY_DONE aurelia 3401 day=17
ECONOMY_DAY_DONE aurelia 3401 day=18
ECONOMY_DAY_DONE aurelia 3401 day=19
ECONOMY_DAY_DONE aurelia 3401 day=20
ECONOMY_DAY_DONE aurelia 3401 day=21
ECONOMY_DAY_DONE aurelia 3401 day=22
ECONOMY_DAY_DONE aurelia 3401 day=23
ECONOMY_DAY_DONE aurelia 3401 day=24
ECONOMY_DAY_DONE aurelia 3401 day=25
ECONOMY_DAY_DONE aurelia 3401 day=26
ECONOMY_DAY_DONE aurelia 3401 day=27
ECONOMY_DAY_DONE aurelia 3401 day=28
ECONOMY_DAY_DONE aurelia 3401 day=29
ECONOMY_DAY_DONE aurelia 3401 day=30
ECONOMY_CHECKPOINT aurelia 3401 {"average_gear_level":10.0,"bag":200,"day":30,"first_pack_seconds":78.0,"first_three_seconds":240.0,"first_upgrade_seconds":120.0,"gold":5549328,"levels":[71,71,71,71,71,71,71,71,71,71],"max_level_heroes":0,"overflow":1855,"packs":10488,"party":10,"power":87395,"spent_gold":3802560,"stage":1209}
ECONOMY_SIMULATION_COMPLETE aurelia 3401
