Godot Engine v4.7.2.stable.official.ed1daf0bf - https://godotengine.org

[   0% ] [90m[1mfirst_scan_filesystem[22m | Started Project initialization (5 steps)[39m[0m
[   0% ] [90m[1mfirst_scan_filesystem[22m | Scanning file structure...[39m[0m
[  16% ] [90m[1mfirst_scan_filesystem[22m | Loading global class names...[39m[0m
[  33% ] [90m[1mfirst_scan_filesystem[22m | Verifying GDExtensions...[39m[0m
[  50% ] [90m[1mfirst_scan_filesystem[22m | Creating autoload scripts...[39m[0m
[  66% ] [90m[1mfirst_scan_filesystem[22m | Initializing plugins...[39m[0m
[  83% ] [90m[1mfirst_scan_filesystem[22m | Starting file scan...[39m[0m
[92m[ DONE ][39m [1mfirst_scan_filesystem[22m
[0m
WARNING: Missing .uid file for path "res://assets/maps3d/materials/sanctuary_paving.gdshader". The file was re-created from cache.
     at: _process_file_system (editor/file_system/editor_file_system.cpp:1391)
WARNING: Missing .uid file for path "res://scripts/V8366MapArtSmokeTest.gd". The file was re-created from cache.
     at: _process_file_system (editor/file_system/editor_file_system.cpp:1391)
WARNING: Missing .uid file for path "res://tools/ReferenceMapArt.gd". The file was re-created from cache.
     at: _process_file_system (editor/file_system/editor_file_system.cpp:1391)
[   0% ] [90m[1mupdate_scripts_classes[22m | Started Registering global classes... (34 steps)[39m[0m
[   0% ] [90m[1mupdate_scripts_classes[22m | [39m[0m
[   2% ] [90m[1mupdate_scripts_classes[22m | [39m[0m
[   5% ] [90m[1mupdate_scripts_classes[22m | [39m[0m
[   8% ] [90m[1mupdate_scripts_classes[22m | [39m[0m
[  11% ] [90m[1mupdate_scripts_classes[22m | [39m[0m
[  14% ] [90m[1mupdate_scripts_classes[22m | [39m[0m
[  17% ] [90m[1mupdate_scripts_classes[22m | ContentScreens[39m[0m
[  20% ] [90m[1mupdate_scripts_classes[22m | [39m[0m
[  22% ] [90m[1mupdate_scripts_classes[22m | [39m[0m
[  25% ] [90m[1mupdate_scripts_classes[22m | GameUiIcon[39m[0m
[  28% ] [90m[1mupdate_scripts_classes[22m | [39m[0m
[  31% ] [90m[1mupdate_scripts_classes[22m | [39m[0m
[  34% ] [90m[1mupdate_scripts_classes[22m | [39m[0m
[  37% ] [90m[1mupdate_scripts_classes[22m | [39m[0m
[  40% ] [90m[1mupdate_scripts_classes[22m | [39m[0m
[  42% ] [90m[1mupdate_scripts_classes[22m | [39m[0m
[  45% ] [90m[1mupdate_scripts_classes[22m | [39m[0m
[  48% ] [90m[1mupdate_scripts_classes[22m | [39m[0m
[  51% ] [90m[1mupdate_scripts_classes[22m | [39m[0m
[  54% ] [90m[1mupdate_scripts_classes[22m | [39m[0m
[  57% ] [90m[1mupdate_scripts_classes[22m | [39m[0m
[  60% ] [90m[1mupdate_scripts_classes[22m | [39m[0m
[  62% ] [90m[1mupdate_scripts_classes[22m | RaidScreen[39m[0m
[  65% ] [90m[1mupdate_scripts_classes[22m | [39m[0m
[  68% ] [90m[1mupdate_scripts_classes[22m | [39m[0m
[  71% ] [90m[1mupdate_scripts_classes[22m | SaveValidation[39m[0m
[  74% ] [90m[1mupdate_scripts_classes[22m | [39m[0m
[  77% ] [90m[1mupdate_scripts_classes[22m | [39m[0m
[  80% ] [90m[1mupdate_scripts_classes[22m | [39m[0m
[  82% ] [90m[1mupdate_scripts_classes[22m | [39m[0m
[  85% ] [90m[1mupdate_scripts_classes[22m | [39m[0m
[  88% ] [90m[1mupdate_scripts_classes[22m | [39m[0m
[  91% ] [90m[1mupdate_scripts_classes[22m | [39m[0m
[  94% ] [90m[1mupdate_scripts_classes[22m | [39m[0m
[92m[ DONE ][39m [1mupdate_scripts_classes[22m
[0m
[   0% ] [90m[1m_update_scan_actions[22m | Started Scanning actions... (14 steps)[39m[0m
[   0% ] [90m[1m_update_scan_actions[22m | v83-3-practice.png[39m[0m
[   6% ] [90m[1m_update_scan_actions[22m | v83-3-presets.png[39m[0m
[  13% ] [90m[1m_update_scan_actions[22m | formation-landscape.png[39m[0m
[  20% ] [90m[1m_update_scan_actions[22m | growth-landscape.png[39m[0m
[  26% ] [90m[1m_update_scan_actions[22m | hunt-landscape.png[39m[0m
[  33% ] [90m[1m_update_scan_actions[22m | hunt-portrait.png[39m[0m
[  40% ] [90m[1m_update_scan_actions[22m | lobby-landscape.png[39m[0m
[  46% ] [90m[1m_update_scan_actions[22m | raid-landscape.png[39m[0m
[  53% ] [90m[1m_update_scan_actions[22m | raid-portrait.png[39m[0m
[  60% ] [90m[1m_update_scan_actions[22m | settings-landscape.png[39m[0m
[  66% ] [90m[1m_update_scan_actions[22m | map-gallery-0.png[39m[0m
[  73% ] [90m[1m_update_scan_actions[22m | map-gallery-1.png[39m[0m
[  80% ] [90m[1m_update_scan_actions[22m | map-gallery-2.png[39m[0m
[  86% ] [90m[1m_update_scan_actions[22m | map-gallery-3.png[39m[0m
[92m[ DONE ][39m [1m_update_scan_actions[22m
[0m
[   0% ] [90m[1mreimport[22m | Started (Re)Importing Assets (14 steps)[39m[0m
[   0% ] [90m[1mreimport[22m | Preparing files to reimport...[39m[0m
[   6% ] [90m[1mreimport[22m | Preparing files to reimport...[39m[0m
[  13% ] [90m[1mreimport[22m | Preparing files to reimport...[39m[0m
[  20% ] [90m[1mreimport[22m | Preparing files to reimport...[39m[0m
[  26% ] [90m[1mreimport[22m | Preparing files to reimport...[39m[0m
[  33% ] [90m[1mreimport[22m | Preparing files to reimport...[39m[0m
[  40% ] [90m[1mreimport[22m | Preparing files to reimport...[39m[0m
[  46% ] [90m[1mreimport[22m | Preparing files to reimport...[39m[0m
[  53% ] [90m[1mreimport[22m | Preparing files to reimport...[39m[0m
[  60% ] [90m[1mreimport[22m | Preparing files to reimport...[39m[0m
[  66% ] [90m[1mreimport[22m | Preparing files to reimport...[39m[0m
[  73% ] [90m[1mreimport[22m | Preparing files to reimport...[39m[0m
[  80% ] [90m[1mreimport[22m | Preparing files to reimport...[39m[0m
[  86% ] [90m[1mreimport[22m | Preparing files to reimport...[39m[0m
[   0% ] [90m[1mreimport[22m | Executing pre-reimport operations...[39m[0m
[   0% ] [90m[1mreimport[22m | v83-3-practice.png[39m[0m
[   6% ] [90m[1mreimport[22m | v83-3-presets.png[39m[0m
[  13% ] [90m[1mreimport[22m | formation-landscape.png[39m[0m
[  20% ] [90m[1mreimport[22m | growth-landscape.png[39m[0m
[  26% ] [90m[1mreimport[22m | hunt-landscape.png[39m[0m
[  33% ] [90m[1mreimport[22m | hunt-portrait.png[39m[0m
[  40% ] [90m[1mreimport[22m | lobby-landscape.png[39m[0m
[  46% ] [90m[1mreimport[22m | raid-landscape.png[39m[0m
[  53% ] [90m[1mreimport[22m | raid-portrait.png[39m[0m
[  60% ] [90m[1mreimport[22m | settings-landscape.png[39m[0m
[  66% ] [90m[1mreimport[22m | map-gallery-0.png[39m[0m
[  73% ] [90m[1mreimport[22m | map-gallery-1.png[39m[0m
[  80% ] [90m[1mreimport[22m | map-gallery-2.png[39m[0m
[  86% ] [90m[1mreimport[22m | map-gallery-3.png[39m[0m
[  93% ] [90m[1mreimport[22m | Finalizing Asset Import...[39m[0m
[92m[ DONE ][39m [1mreimport[22m
[0m
[   0% ] [90m[1mreimport[22m | Started (Re)Importing Assets (14 steps)[39m[0m
[   0% ] [90m[1mreimport[22m | Executing post-reimport operations...[39m[0m
[92m[ DONE ][39m [1mreimport[22m
[0m
[   0% ] [90m[1mloading_editor_layout[22m | Started Loading editor (5 steps)[39m[0m
[   0% ] [90m[1mloading_editor_layout[22m | Loading editor layout...[39m[0m
[  16% ] [90m[1mloading_editor_layout[22m | Loading docks...[39m[0m
[92m[ DONE ][39m [1mloading_editor_layout[22m
[0m
